2026-08-21 15:30:03.889 [main] [] INFO  o.s.c.c.c.ConfigServicePropertySourceLocator - Fetching config from server at : http://localhost:8888
2026-08-21 15:30:03.915 [main] [] INFO  o.s.c.c.c.ConfigServicePropertySourceLocator - Located environment: name=msvc-sri, profiles=[default], label=null, version=null, state=null
2026-08-21 15:30:03.916 [main] [] INFO  o.s.c.b.c.PropertySourceBootstrapConfiguration - Located property source: [BootstrapPropertySource {name='bootstrapProperties-configClient'}, BootstrapPropertySource {name='bootstrapProperties-classpath:/config-data/msvc-sri.yml'}]
2026-08-21 15:30:03.926 [main] [] INFO  c.erp.sri_files.SriFilesApplication - The following 1 profile is active: "dev"
2026-08-21 15:30:03.933 [main] [] INFO  o.s.c.c.c.ConfigServerConfigDataLoader - Fetching config from server at : http://config-server:8888
2026-08-21 15:30:03.933 [main] [] INFO  o.s.c.c.c.ConfigServerConfigDataLoader - Exception on Url - http://config-server:8888:org.springframework.web.client.ResourceAccessException: I/O error on GET request for "http://config-server:8888/msvc-sri/default": config-server. Will be trying the next url if available
2026-08-21 15:30:03.933 [main] [] WARN  o.s.c.c.c.ConfigServerConfigDataLoader - Could not locate PropertySource ([ConfigServerConfigDataResource@6137cf6e uris = array<String>['http://config-server:8888'], optional = true, profiles = 'default']): I/O error on GET request for "http://config-server:8888/msvc-sri/default": config-server
2026-08-21 15:30:03.933 [main] [] INFO  o.s.c.c.c.ConfigServerConfigDataLoader - Fetching config from server at : http://config-server:8888
2026-08-21 15:30:03.933 [main] [] INFO  o.s.c.c.c.ConfigServerConfigDataLoader - Exception on Url - http://config-server:8888:org.springframework.web.client.ResourceAccessException: I/O error on GET request for "http://config-server:8888/msvc-sri/dev": config-server. Will be trying the next url if available
2026-08-21 15:30:03.934 [main] [] WARN  o.s.c.c.c.ConfigServerConfigDataLoader - Could not locate PropertySource ([ConfigServerConfigDataResource@33a3c44a uris = array<String>['http://config-server:8888'], optional = true, profiles = 'dev']): I/O error on GET request for "http://config-server:8888/msvc-sri/dev": config-server
2026-08-21 15:30:03.934 [main] [] INFO  o.s.c.c.c.ConfigServerConfigDataLoader - Fetching config from server at : http://config-server:8888
2026-08-21 15:30:03.934 [main] [] INFO  o.s.c.c.c.ConfigServerConfigDataLoader - Exception on Url - http://config-server:8888:org.springframework.web.client.ResourceAccessException: I/O error on GET request for "http://config-server:8888/msvc-sri/default": config-server. Will be trying the next url if available
2026-08-21 15:30:03.934 [main] [] WARN  o.s.c.c.c.ConfigServerConfigDataLoader - Could not locate PropertySource ([ConfigServerConfigDataResource@5fcfca62 uris = array<String>['http://config-server:8888'], optional = true, profiles = 'default']): I/O error on GET request for "http://config-server:8888/msvc-sri/default": config-server
2026-08-21 15:30:04.364 [main] [] INFO  o.s.d.r.c.RepositoryConfigurationDelegate - Bootstrapping Spring Data JPA repositories in DEFAULT mode.
2026-08-21 15:30:04.453 [main] [] INFO  o.s.d.r.c.RepositoryConfigurationDelegate - Finished Spring Data repository scanning in 83 ms. Found 7 JPA repository interfaces.
2026-08-21 15:30:04.594 [main] [] INFO  o.s.cloud.context.scope.GenericScope - BeanFactory id=7af4f2ba-1f44-3a2f-b6d3-52010f35ee1e
2026-08-21 15:30:04.794 [main] [] INFO  o.s.b.w.e.tomcat.TomcatWebServer - Tomcat initialized with port 9096 (http)
2026-08-21 15:30:04.801 [main] [] INFO  o.a.coyote.http11.Http11NioProtocol - Initializing ProtocolHandler ["http-nio-9096"]
2026-08-21 15:30:04.802 [main] [] INFO  o.a.catalina.core.StandardService - Starting service [Tomcat]
2026-08-21 15:30:04.804 [main] [] INFO  o.a.catalina.core.StandardEngine - Starting Servlet engine: [Apache Tomcat/10.1.34]
2026-08-21 15:30:04.852 [main] [] INFO  o.a.c.c.C.[Tomcat].[localhost].[/] - Initializing Spring embedded WebApplicationContext
2026-08-21 15:30:04.853 [main] [] INFO  o.s.b.w.s.c.ServletWebServerApplicationContext - Root WebApplicationContext: initialization completed in 917 ms
2026-08-21 15:30:04.877 [main] [] DEBUG c.e.sri_files.config.RequestIdFilter - Filter 'requestIdFilter' configured for use
2026-08-21 15:30:04.890 [main] [] WARN  o.s.b.w.s.c.AnnotationConfigServletWebServerApplicationContext - Exception encountered during context initialization - cancelling refresh attempt: org.springframework.beans.factory.BeanCreationException: Error creating bean with name 'entityManagerFactory' defined in class path resource [org/springframework/boot/autoconfigure/orm/jpa/HibernateJpaConfiguration.class]: Failed to initialize dependency 'dataSourceScriptDatabaseInitializer' of LoadTimeWeaverAware bean 'entityManagerFactory': Error creating bean with name 'dataSourceScriptDatabaseInitializer' defined in class path resource [org/springframework/boot/autoconfigure/sql/init/DataSourceInitializationConfiguration.class]: Unsatisfied dependency expressed through method 'dataSourceScriptDatabaseInitializer' parameter 0: Error creating bean with name 'dataSource' defined in class path resource [org/springframework/boot/autoconfigure/jdbc/DataSourceConfiguration$Hikari.class]: Failed to instantiate [com.zaxxer.hikari.HikariDataSource]: Factory method 'dataSource' threw exception with message: Failed to determine suitable jdbc url
2026-08-21 15:30:04.891 [main] [] INFO  o.a.catalina.core.StandardService - Stopping service [Tomcat]
2026-08-21 15:30:04.900 [main] [] INFO  o.s.b.a.l.ConditionEvaluationReportLogger - 

Error starting ApplicationContext. To display the condition evaluation report re-run your application with 'debug' enabled.
2026-08-21 15:30:04.907 [main] [] ERROR o.s.b.d.LoggingFailureAnalysisReporter - 

***************************
APPLICATION FAILED TO START
***************************

Description:

Failed to configure a DataSource: 'url' attribute is not specified and no embedded datasource could be configured.

Reason: Failed to determine suitable jdbc url


Action:

Consider the following:
	If you want an embedded database (H2, HSQL or Derby), please put it on the classpath.
	If you have database settings to be loaded from a particular profile you may need to activate it (the profiles dev are currently active).

2026-08-21 15:32:20.651 [main] [] INFO  o.s.c.c.c.ConfigServicePropertySourceLocator - Fetching config from server at : http://localhost:8888
2026-08-21 15:32:20.676 [main] [] INFO  o.s.c.c.c.ConfigServicePropertySourceLocator - Located environment: name=msvc-sri, profiles=[default], label=null, version=null, state=null
2026-08-21 15:32:20.677 [main] [] INFO  o.s.c.b.c.PropertySourceBootstrapConfiguration - Located property source: [BootstrapPropertySource {name='bootstrapProperties-configClient'}, BootstrapPropertySource {name='bootstrapProperties-classpath:/config-data/msvc-sri.yml'}]
2026-08-21 15:32:20.685 [main] [] INFO  c.erp.sri_files.SriFilesApplication - The following 1 profile is active: "dev"
2026-08-21 15:32:20.692 [main] [] INFO  o.s.c.c.c.ConfigServerConfigDataLoader - Fetching config from server at : http://config-server:8888
2026-08-21 15:32:20.692 [main] [] INFO  o.s.c.c.c.ConfigServerConfigDataLoader - Exception on Url - http://config-server:8888:org.springframework.web.client.ResourceAccessException: I/O error on GET request for "http://config-server:8888/msvc-sri/default": config-server. Will be trying the next url if available
2026-08-21 15:32:20.692 [main] [] WARN  o.s.c.c.c.ConfigServerConfigDataLoader - Could not locate PropertySource ([ConfigServerConfigDataResource@53b8afea uris = array<String>['http://config-server:8888'], optional = true, profiles = 'default']): I/O error on GET request for "http://config-server:8888/msvc-sri/default": config-server
2026-08-21 15:32:20.692 [main] [] INFO  o.s.c.c.c.ConfigServerConfigDataLoader - Fetching config from server at : http://config-server:8888
2026-08-21 15:32:20.692 [main] [] INFO  o.s.c.c.c.ConfigServerConfigDataLoader - Exception on Url - http://config-server:8888:org.springframework.web.client.ResourceAccessException: I/O error on GET request for "http://config-server:8888/msvc-sri/dev": config-server. Will be trying the next url if available
2026-08-21 15:32:20.692 [main] [] WARN  o.s.c.c.c.ConfigServerConfigDataLoader - Could not locate PropertySource ([ConfigServerConfigDataResource@499ef98e uris = array<String>['http://config-server:8888'], optional = true, profiles = 'dev']): I/O error on GET request for "http://config-server:8888/msvc-sri/dev": config-server
2026-08-21 15:32:20.692 [main] [] INFO  o.s.c.c.c.ConfigServerConfigDataLoader - Fetching config from server at : http://config-server:8888
2026-08-21 15:32:20.692 [main] [] INFO  o.s.c.c.c.ConfigServerConfigDataLoader - Exception on Url - http://config-server:8888:org.springframework.web.client.ResourceAccessException: I/O error on GET request for "http://config-server:8888/msvc-sri/default": config-server. Will be trying the next url if available
2026-08-21 15:32:20.692 [main] [] WARN  o.s.c.c.c.ConfigServerConfigDataLoader - Could not locate PropertySource ([ConfigServerConfigDataResource@24934262 uris = array<String>['http://config-server:8888'], optional = true, profiles = 'default']): I/O error on GET request for "http://config-server:8888/msvc-sri/default": config-server
2026-08-21 15:32:21.092 [main] [] INFO  o.s.d.r.c.RepositoryConfigurationDelegate - Bootstrapping Spring Data JPA repositories in DEFAULT mode.
2026-08-21 15:32:21.171 [main] [] INFO  o.s.d.r.c.RepositoryConfigurationDelegate - Finished Spring Data repository scanning in 73 ms. Found 7 JPA repository interfaces.
2026-08-21 15:32:21.307 [main] [] INFO  o.s.cloud.context.scope.GenericScope - BeanFactory id=7af4f2ba-1f44-3a2f-b6d3-52010f35ee1e
2026-08-21 15:32:21.499 [main] [] INFO  o.s.b.w.e.tomcat.TomcatWebServer - Tomcat initialized with port 9096 (http)
2026-08-21 15:32:21.505 [main] [] INFO  o.a.coyote.http11.Http11NioProtocol - Initializing ProtocolHandler ["http-nio-9096"]
2026-08-21 15:32:21.507 [main] [] INFO  o.a.catalina.core.StandardService - Starting service [Tomcat]
2026-08-21 15:32:21.507 [main] [] INFO  o.a.catalina.core.StandardEngine - Starting Servlet engine: [Apache Tomcat/10.1.34]
2026-08-21 15:32:21.552 [main] [] INFO  o.a.c.c.C.[Tomcat].[localhost].[/] - Initializing Spring embedded WebApplicationContext
2026-08-21 15:32:21.552 [main] [] INFO  o.s.b.w.s.c.ServletWebServerApplicationContext - Root WebApplicationContext: initialization completed in 860 ms
2026-08-21 15:32:21.578 [main] [] DEBUG c.e.sri_files.config.RequestIdFilter - Filter 'requestIdFilter' configured for use
2026-08-21 15:32:21.588 [main] [] WARN  o.s.b.w.s.c.AnnotationConfigServletWebServerApplicationContext - Exception encountered during context initialization - cancelling refresh attempt: org.springframework.beans.factory.BeanCreationException: Error creating bean with name 'entityManagerFactory' defined in class path resource [org/springframework/boot/autoconfigure/orm/jpa/HibernateJpaConfiguration.class]: Failed to initialize dependency 'dataSourceScriptDatabaseInitializer' of LoadTimeWeaverAware bean 'entityManagerFactory': Error creating bean with name 'dataSourceScriptDatabaseInitializer' defined in class path resource [org/springframework/boot/autoconfigure/sql/init/DataSourceInitializationConfiguration.class]: Unsatisfied dependency expressed through method 'dataSourceScriptDatabaseInitializer' parameter 0: Error creating bean with name 'dataSource' defined in class path resource [org/springframework/boot/autoconfigure/jdbc/DataSourceConfiguration$Hikari.class]: Failed to instantiate [com.zaxxer.hikari.HikariDataSource]: Factory method 'dataSource' threw exception with message: Failed to determine suitable jdbc url
2026-08-21 15:32:21.589 [main] [] INFO  o.a.catalina.core.StandardService - Stopping service [Tomcat]
2026-08-21 15:32:21.597 [main] [] INFO  o.s.b.a.l.ConditionEvaluationReportLogger - 

Error starting ApplicationContext. To display the condition evaluation report re-run your application with 'debug' enabled.
2026-08-21 15:32:21.605 [main] [] ERROR o.s.b.d.LoggingFailureAnalysisReporter - 

***************************
APPLICATION FAILED TO START
***************************

Description:

Failed to configure a DataSource: 'url' attribute is not specified and no embedded datasource could be configured.

Reason: Failed to determine suitable jdbc url


Action:

Consider the following:
	If you want an embedded database (H2, HSQL or Derby), please put it on the classpath.
	If you have database settings to be loaded from a particular profile you may need to activate it (the profiles dev are currently active).

